--- terraform init ---
[0m[1mUpgrading modules...[0m
- container in ../../modules/vm
[0m[1mInitializing provider plugins found in the configuration...[0m
- Finding latest version of registry.opentofu.org/kreuzwerker/docker...
- Installing registry.opentofu.org/kreuzwerker/docker v4.5.0...
- Installed registry.opentofu.org/kreuzwerker/docker v4.5.0 (self-signed, key ID [0m[1m0DCE698927DAF8EC[0m[0m)
Partner and community providers are signed by their developers.
If you'd like to know more about provider signing, you can read about it here:
https://developer.hashicorp.com/terraform/cli/plugins/signing

[0m[1mInitializing the backend...[0m


Terraform has created a lock file [1m.terraform.lock.hcl[0m to record the provider
selections it made above. Include this file in your version control repository
so that Terraform can guarantee to make the same selections by default when
you run "terraform init" in the future.[0m

[0m[1m[32mTerraform has been successfully initialized![0m[32m[0m
[0m[32m
You may now begin working with Terraform. Try running "terraform plan" to see
any changes that are required for your infrastructure. All Terraform commands
should now work.

If you ever set or change modules or backend configuration for Terraform,
rerun this command to reinitialize your working directory. If you forget, other
commands will detect it and remind you to do so if necessary.[0m
--- terraform apply ---

Terraform used the selected providers to generate the following execution
plan. Resource actions are indicated with the following symbols:
  [32m+[0m create[0m

Terraform will perform the following actions:

[1m  # module.container.docker_container.this[0m will be created
[0m  [32m+[0m[0m resource "docker_container" "this" {
      [32m+[0m[0m attach                                      = false
      [32m+[0m[0m bridge                                      = (known after apply)
      [32m+[0m[0m command                                     = (known after apply)
      [32m+[0m[0m container_logs                              = (known after apply)
      [32m+[0m[0m container_read_refresh_timeout_milliseconds = 15000
      [32m+[0m[0m cpu_shares                                  = 1024
      [32m+[0m[0m entrypoint                                  = (known after apply)
      [32m+[0m[0m env                                         = [
          [32m+[0m[0m "NGINX_HOST=stage.local",
          [32m+[0m[0m "NGINX_PORT=80",
        ]
      [32m+[0m[0m exit_code                                   = (known after apply)
      [32m+[0m[0m hostname                                    = (known after apply)
      [32m+[0m[0m id                                          = (known after apply)
      [32m+[0m[0m image                                       = (known after apply)
      [32m+[0m[0m init                                        = (known after apply)
      [32m+[0m[0m ipc_mode                                    = (known after apply)
      [32m+[0m[0m log_driver                                  = (known after apply)
      [32m+[0m[0m logs                                        = false
      [32m+[0m[0m memory                                      = 536870912
      [32m+[0m[0m memory_reservation                          = 0
      [32m+[0m[0m must_run                                    = true
      [32m+[0m[0m name                                        = "stage-web"
      [32m+[0m[0m network_data                                = (known after apply)
      [32m+[0m[0m network_mode                                = "bridge"
      [32m+[0m[0m platform                                    = (known after apply)
      [32m+[0m[0m read_only                                   = false
      [32m+[0m[0m remove_volumes                              = true
      [32m+[0m[0m restart                                     = "unless-stopped"
      [32m+[0m[0m rm                                          = false
      [32m+[0m[0m runtime                                     = (known after apply)
      [32m+[0m[0m security_opts                               = (known after apply)
      [32m+[0m[0m shm_size                                    = (known after apply)
      [32m+[0m[0m start                                       = true
      [32m+[0m[0m stdin_open                                  = false
      [32m+[0m[0m stop_signal                                 = (known after apply)
      [32m+[0m[0m stop_timeout                                = (known after apply)
      [32m+[0m[0m tty                                         = false
      [32m+[0m[0m wait                                        = false
      [32m+[0m[0m wait_timeout                                = 60

      [32m+[0m[0m healthcheck (known after apply)

      [32m+[0m[0m labels (known after apply)

      [32m+[0m[0m ports {
          [32m+[0m[0m external = 8081
          [32m+[0m[0m internal = 80
          [32m+[0m[0m ip       = "0.0.0.0"
          [32m+[0m[0m protocol = "tcp"
        }
    }

[1m  # module.container.docker_image.this[0m will be created
[0m  [32m+[0m[0m resource "docker_image" "this" {
      [32m+[0m[0m id           = (known after apply)
      [32m+[0m[0m image_id     = (known after apply)
      [32m+[0m[0m keep_locally = false
      [32m+[0m[0m name         = "nginx:alpine"
      [32m+[0m[0m repo_digest  = (known after apply)
    }

[1mPlan:[0m [0m2 to add, 0 to change, 0 to destroy.

Changes to Outputs:
  [32m+[0m[0m container_id   = (known after apply)
  [32m+[0m[0m container_name = "stage-web"
  [32m+[0m[0m network_data   = (known after apply)
  [32m+[0m[0m ports          = [
      [32m+[0m[0m {
          [32m+[0m[0m external = 8081
          [32m+[0m[0m internal = 80
          [32m+[0m[0m ip       = "0.0.0.0"
          [32m+[0m[0m protocol = "tcp"
        },
    ]
[0m[1mmodule.container.docker_image.this: Creating...[0m[0m
[0m[1mmodule.container.docker_image.this: Creation complete after 0s [id=sha256:7068961d45b07b2af510ac002e9daa63a1d3eba2111202d6768798690800fffdnginx:alpine][0m
[0m[1mmodule.container.docker_container.this: Creating...[0m[0m
[0m[1mmodule.container.docker_container.this: Creation complete after 1s [id=35d9d6d9b817ea6f4cdd819e0684ca6e289454f2e08e64584f4ca93ff8ad506c][0m
[0m[1m[32m
Apply complete! Resources: 2 added, 0 changed, 0 destroyed.[0m
[0m[1m[32m
Outputs:

[0mcontainer_id = "35d9d6d9b817ea6f4cdd819e0684ca6e289454f2e08e64584f4ca93ff8ad506c"
container_name = "stage-web"
network_data = tolist([
  {
    "gateway" = "172.17.0.1"
    "global_ipv6_address" = ""
    "global_ipv6_prefix_length" = 0
    "ip_address" = "172.17.0.4"
    "ip_prefix_length" = 16
    "ipv6_gateway" = ""
    "mac_address" = "f2:6d:13:64:4e:76"
    "network_name" = "bridge"
  },
])
ports = tolist([
  {
    "external" = 8081
    "internal" = 80
    "ip" = "0.0.0.0"
    "protocol" = "tcp"
  },
])
--- terraform output ---
container_id = "35d9d6d9b817ea6f4cdd819e0684ca6e289454f2e08e64584f4ca93ff8ad506c"
container_name = "stage-web"
network_data = tolist([
  {
    "gateway" = "172.17.0.1"
    "global_ipv6_address" = ""
    "global_ipv6_prefix_length" = 0
    "ip_address" = "172.17.0.4"
    "ip_prefix_length" = 16
    "ipv6_gateway" = ""
    "mac_address" = "f2:6d:13:64:4e:76"
    "network_name" = "bridge"
  },
])
ports = tolist([
  {
    "external" = 8081
    "internal" = 80
    "ip" = "0.0.0.0"
    "protocol" = "tcp"
  },
])
